// Jest Snapshot v1, https://goo.gl/fbAQLP

exports[`users component should render users component 1`] = `
<button
  data-testid="load-button"
  onClick={[Function]}
>
  load
</button>
`;
